-> Results for query #1
 coursecode | coursegroupid
------------+---------------
 CS 370     |          3778
 CS 371     |          3778
 CS 350     |          3777
 SE 350     |          3777
(4 rows)

-> Results for query #2
 coursecode |               title               | coursetypes |  description                                                                                                                                                                                                                                                               | subjecttitle                    
------------+-----------------------------------+-------------+----------------------------------------------------------------------------------------------------------------------------------------------------------------------------------------------------------------------------------------------------------------------------+--------------
 CS 488     | Introduction to Computer Graphics | LAB,LEC,TST | Software and hardware for interactive computer graphics. Implementation of device drivers, 3-D transformations, clipping, perspective, and input routines. Data structures, hidden surface removal, colour shading techniques, and some additional topics will be covered. | CS
 (1 row)

-> Results for query #3
-> Here 9 = Fall, 5 = Summer and 1 = Winter
 termcode | timesoffered
----------+--------------
        9 |            7
        5 |            7
        1 |            8
(3 rows)

-> Results for query #4
 term | year
------+-------
 F    | 2013F
 F    | 2014F
 F    | 2015F
 F    | 2016F
 F    | 2017F
 F    | 2018F
 F    | 2019F
(7 rows)

-> Results for query #5
 termcode | proffirstname | proflastname | numoftimestaught
----------+---------------+--------------+------------------
        9 | Lesley Ann    | Istead       |                3
        5 | Lesley Ann    | Istead       |                3
        1 | Lesley Ann    | Istead       |                4
(3 rows)

-> Results for query #6
 termcode | coursecode | proffirstname | proflastname
----------+------------+---------------+--------------
     1201 | CS 350     | Lesley Ann    | Istead
     1199 | CS 350     | Lesley Ann    | Istead
     1195 | CS 350     | Lesley Ann    | Istead
     1191 | CS 350     | Lesley Ann    | Istead
     1185 | CS 350     | Lesley Ann    | Istead
     1181 | CS 350     | Lesley Ann    | Istead
     1179 | CS 350     | Lesley Ann    | Istead
     1175 | CS 350     | Lesley Ann    | Istead
     1171 | CS 350     | Lesley Ann    | Istead
     1169 | CS 350     | Lesley Ann    | Istead
(10 rows)


-> Results for query #7
 proffirstname | proflastname | sectionstaught | termstaught
---------------+--------------+----------------+-------------
 Lesley Ann    | Istead       |             20 |          10
 Bernard       | Wong         |             10 |           6
 Kevin         | Lanctot      |              8 |           4
 Timothy       | Brecht       |              6 |           3
 Gregor        | Richards     |              6 |           3
 Kenneth       | Salem        |              5 |           4
 Ali           | Mashtizadeh  |              4 |           2
 Eugene        | Zima         |              3 |           3
 Kamal         | Zille Huma   |              2 |           2
 Igor          | Ivkovic      |              2 |           1
(10 rows)


-> Results for query #8
    groupid	  coursecode	   quantity
---------------+--------------+----------------
      118      |    CS 115    |        1
      118      |    CS 135    |        1
      118      |    CS 145    |        1
      119      |    CS 136    |        1
      119      |    CS 146    |        1
      120      |   MATH 127   |        1
      120      |   MATH 137   |        1
      120      |   MATH 147   |        1
...
(144 rows)