 -> Result for the query to search for the prerequistes of a course
  coursecode | coursegroupid
------------+---------------
 CS 350     |            73
 CS 370     |            74
 CS 371     |            74
 CS 341     |            72
(4 rows)

 -> Results for the second query
 coursecode |               title               | coursetypes |  description                                                                                                                                                                                                                                                               | subjecttitle                    
------------+-----------------------------------+-------------+----------------------------------------------------------------------------------------------------------------------------------------------------------------------------------------------------------------------------------------------------------------------------+--------------
 CS 488     | Introduction to Computer Graphics | LAB,LEC,TST | Software and hardware for interactive computer graphics. Implementation of device drivers, 3-D transformations, clipping, perspective, and input routines. Data structures, hidden surface removal, colour shading techniques, and some additional topics will be covered. | CS
 (1 row)